

#################### START OF GENERATED CLOCK OPTIMIZATION REPORT ####################[

======================================================================================
                                Instance:Pin        Generated Clock Optimization Status
======================================================================================
                 ram_access.data_out[15]:C              Not Done
                 ram_access.data_out[14]:C              Not Done
                 ram_access.data_out[13]:C              Not Done
                 ram_access.data_out[12]:C              Not Done
                 ram_access.data_out[11]:C              Not Done
                 ram_access.data_out[10]:C              Not Done
                  ram_access.data_out[9]:C              Not Done
                  ram_access.data_out[8]:C              Not Done
                  ram_access.data_out[7]:C              Not Done
                  ram_access.data_out[6]:C              Not Done
                  ram_access.data_out[5]:C              Not Done
                  ram_access.data_out[4]:C              Not Done
                  ram_access.data_out[3]:C              Not Done
                  ram_access.data_out[2]:C              Not Done
                  ram_access.data_out[1]:C              Not Done
                  ram_access.data_out[0]:C              Not Done
                      gdp_c.x_buf_5_[15]:C              Not Done
                      gdp_c.x_buf_5_[14]:C              Not Done
                      gdp_c.x_buf_5_[13]:C              Not Done
                      gdp_c.x_buf_5_[12]:C              Not Done
                      gdp_c.x_buf_5_[11]:C              Not Done
                      gdp_c.x_buf_5_[10]:C              Not Done
                       gdp_c.x_buf_5_[9]:C              Not Done
                       gdp_c.x_buf_5_[8]:C              Not Done
                       gdp_c.x_buf_5_[7]:C              Not Done
                       gdp_c.x_buf_5_[6]:C              Not Done
                       gdp_c.x_buf_5_[5]:C              Not Done
                       gdp_c.x_buf_5_[4]:C              Not Done
                       gdp_c.x_buf_5_[3]:C              Not Done
                       gdp_c.x_buf_5_[2]:C              Not Done
                       gdp_c.x_buf_5_[1]:C              Not Done
                       gdp_c.x_buf_5_[0]:C              Not Done
                      gdp_c.x_buf_4_[15]:C              Not Done
                      gdp_c.x_buf_4_[14]:C              Not Done
                      gdp_c.x_buf_4_[13]:C              Not Done
                      gdp_c.x_buf_4_[12]:C              Not Done
                      gdp_c.x_buf_4_[11]:C              Not Done
                      gdp_c.x_buf_4_[10]:C              Not Done
                       gdp_c.x_buf_4_[9]:C              Not Done
                       gdp_c.x_buf_4_[8]:C              Not Done
                       gdp_c.x_buf_4_[7]:C              Not Done
                       gdp_c.x_buf_4_[6]:C              Not Done
                       gdp_c.x_buf_4_[5]:C              Not Done
                       gdp_c.x_buf_4_[4]:C              Not Done
                       gdp_c.x_buf_4_[3]:C              Not Done
                       gdp_c.x_buf_4_[2]:C              Not Done
                       gdp_c.x_buf_4_[1]:C              Not Done
                       gdp_c.x_buf_4_[0]:C              Not Done
                      gdp_c.x_buf_3_[15]:C              Not Done
                      gdp_c.x_buf_3_[14]:C              Not Done
                      gdp_c.x_buf_3_[13]:C              Not Done
                      gdp_c.x_buf_3_[12]:C              Not Done
                      gdp_c.x_buf_3_[11]:C              Not Done
                      gdp_c.x_buf_3_[10]:C              Not Done
                       gdp_c.x_buf_3_[9]:C              Not Done
                       gdp_c.x_buf_3_[8]:C              Not Done
                       gdp_c.x_buf_3_[7]:C              Not Done
                       gdp_c.x_buf_3_[6]:C              Not Done
                       gdp_c.x_buf_3_[5]:C              Not Done
                       gdp_c.x_buf_3_[4]:C              Not Done
                       gdp_c.x_buf_3_[3]:C              Not Done
                       gdp_c.x_buf_3_[2]:C              Not Done
                       gdp_c.x_buf_3_[1]:C              Not Done
                       gdp_c.x_buf_3_[0]:C              Not Done
                      gdp_c.x_buf_2_[15]:C              Not Done
                      gdp_c.x_buf_2_[14]:C              Not Done
                      gdp_c.x_buf_2_[13]:C              Not Done
                      gdp_c.x_buf_2_[12]:C              Not Done
                      gdp_c.x_buf_2_[11]:C              Not Done
                      gdp_c.x_buf_2_[10]:C              Not Done
                       gdp_c.x_buf_2_[9]:C              Not Done
                       gdp_c.x_buf_2_[8]:C              Not Done
                       gdp_c.x_buf_2_[7]:C              Not Done
                       gdp_c.x_buf_2_[6]:C              Not Done
                       gdp_c.x_buf_2_[5]:C              Not Done
                       gdp_c.x_buf_2_[4]:C              Not Done
                       gdp_c.x_buf_2_[3]:C              Not Done
                       gdp_c.x_buf_2_[2]:C              Not Done
                       gdp_c.x_buf_2_[1]:C              Not Done
                       gdp_c.x_buf_2_[0]:C              Not Done
                      gdp_c.x_buf_1_[15]:C              Not Done
                      gdp_c.x_buf_1_[14]:C              Not Done
                      gdp_c.x_buf_1_[13]:C              Not Done
                      gdp_c.x_buf_1_[12]:C              Not Done
                      gdp_c.x_buf_1_[11]:C              Not Done
                      gdp_c.x_buf_1_[10]:C              Not Done
                       gdp_c.x_buf_1_[9]:C              Not Done
                       gdp_c.x_buf_1_[8]:C              Not Done
                       gdp_c.x_buf_1_[7]:C              Not Done
                       gdp_c.x_buf_1_[6]:C              Not Done
                       gdp_c.x_buf_1_[5]:C              Not Done
                       gdp_c.x_buf_1_[4]:C              Not Done
                       gdp_c.x_buf_1_[3]:C              Not Done
                       gdp_c.x_buf_1_[2]:C              Not Done
                       gdp_c.x_buf_1_[1]:C              Not Done
                       gdp_c.x_buf_1_[0]:C              Not Done
                      gdp_c.x_buf_0_[15]:C              Not Done
                      gdp_c.x_buf_0_[14]:C              Not Done
                      gdp_c.x_buf_0_[13]:C              Not Done
                      gdp_c.x_buf_0_[12]:C              Not Done
                      gdp_c.x_buf_0_[11]:C              Not Done
                      gdp_c.x_buf_0_[10]:C              Not Done
                       gdp_c.x_buf_0_[9]:C              Not Done
                       gdp_c.x_buf_0_[8]:C              Not Done
                       gdp_c.x_buf_0_[7]:C              Not Done
                       gdp_c.x_buf_0_[6]:C              Not Done
                       gdp_c.x_buf_0_[5]:C              Not Done
                       gdp_c.x_buf_0_[4]:C              Not Done
                       gdp_c.x_buf_0_[3]:C              Not Done
                       gdp_c.x_buf_0_[2]:C              Not Done
                       gdp_c.x_buf_0_[1]:C              Not Done
                       gdp_c.x_buf_0_[0]:C              Not Done


##################### END OF GENERATED CLOCK OPTIMIZATION REPORT #####################]

